mode: set
github.com/aws/aws-gsr-serde-core/cache.go:22.47,31.2 4 1
github.com/aws/aws-gsr-serde-core/cache.go:33.62,35.2 1 1
github.com/aws/aws-gsr-serde-core/cache.go:37.61,39.2 1 1
github.com/aws/aws-gsr-serde-core/cache.go:41.34,43.2 1 1
github.com/aws/aws-gsr-serde-core/config.go:29.53,31.16 2 1
github.com/aws/aws-gsr-serde-core/config.go:31.16,33.3 1 1
github.com/aws/aws-gsr-serde-core/config.go:35.2,36.47 2 1
github.com/aws/aws-gsr-serde-core/config.go:36.47,38.3 1 1
github.com/aws/aws-gsr-serde-core/config.go:38.8,40.3 1 1
github.com/aws/aws-gsr-serde-core/config.go:41.2,41.16 1 1
github.com/aws/aws-gsr-serde-core/config.go:41.16,43.3 1 0
github.com/aws/aws-gsr-serde-core/config.go:45.2,46.52 2 1
github.com/aws/aws-gsr-serde-core/config.go:46.52,48.3 1 1
github.com/aws/aws-gsr-serde-core/config.go:50.2,51.52 2 1
github.com/aws/aws-gsr-serde-core/config.go:51.52,53.3 1 1
github.com/aws/aws-gsr-serde-core/config.go:55.2,56.50 2 1
github.com/aws/aws-gsr-serde-core/config.go:56.50,58.3 1 1
github.com/aws/aws-gsr-serde-core/config.go:60.2,61.71 2 1
github.com/aws/aws-gsr-serde-core/config.go:61.71,63.3 1 1
github.com/aws/aws-gsr-serde-core/config.go:65.2,66.54 2 1
github.com/aws/aws-gsr-serde-core/config.go:66.54,68.3 1 1
github.com/aws/aws-gsr-serde-core/config.go:70.2,71.54 2 1
github.com/aws/aws-gsr-serde-core/config.go:71.54,72.63 1 1
github.com/aws/aws-gsr-serde-core/config.go:72.63,74.4 1 1
github.com/aws/aws-gsr-serde-core/config.go:77.2,78.46 2 1
github.com/aws/aws-gsr-serde-core/config.go:78.46,79.50 1 1
github.com/aws/aws-gsr-serde-core/config.go:79.50,81.4 1 1
github.com/aws/aws-gsr-serde-core/config.go:84.2,85.45 2 1
github.com/aws/aws-gsr-serde-core/config.go:85.45,87.3 1 1
github.com/aws/aws-gsr-serde-core/config.go:89.2,90.32 2 1
github.com/aws/aws-gsr-serde-core/config.go:90.32,91.38 1 1
github.com/aws/aws-gsr-serde-core/config.go:91.38,94.4 2 1
github.com/aws/aws-gsr-serde-core/config.go:97.2,108.8 1 1
github.com/aws/aws-gsr-serde-core/config.go:111.65,114.16 3 1
github.com/aws/aws-gsr-serde-core/config.go:114.16,116.3 1 1
github.com/aws/aws-gsr-serde-core/config.go:117.2,120.21 3 1
github.com/aws/aws-gsr-serde-core/config.go:120.21,122.49 2 1
github.com/aws/aws-gsr-serde-core/config.go:122.49,123.12 1 1
github.com/aws/aws-gsr-serde-core/config.go:125.3,126.22 2 1
github.com/aws/aws-gsr-serde-core/config.go:126.22,128.4 1 1
github.com/aws/aws-gsr-serde-core/config.go:130.2,130.29 1 1
github.com/aws/aws-gsr-serde-core/deserializer.go:27.64,29.16 2 1
github.com/aws/aws-gsr-serde-core/deserializer.go:29.16,31.3 1 1
github.com/aws/aws-gsr-serde-core/deserializer.go:33.2,36.16 3 0
github.com/aws/aws-gsr-serde-core/deserializer.go:36.16,38.3 1 0
github.com/aws/aws-gsr-serde-core/deserializer.go:40.2,44.8 1 0
github.com/aws/aws-gsr-serde-core/deserializer.go:48.60,49.28 1 1
github.com/aws/aws-gsr-serde-core/deserializer.go:49.28,51.3 1 1
github.com/aws/aws-gsr-serde-core/deserializer.go:54.2,55.16 2 1
github.com/aws/aws-gsr-serde-core/deserializer.go:55.16,57.3 1 1
github.com/aws/aws-gsr-serde-core/deserializer.go:60.2,61.16 2 1
github.com/aws/aws-gsr-serde-core/deserializer.go:61.16,63.3 1 1
github.com/aws/aws-gsr-serde-core/deserializer.go:65.2,65.37 1 1
github.com/aws/aws-gsr-serde-core/deserializer.go:65.37,67.3 1 1
github.com/aws/aws-gsr-serde-core/deserializer.go:69.2,69.21 1 1
github.com/aws/aws-gsr-serde-core/deserializer.go:73.61,75.2 1 1
github.com/aws/aws-gsr-serde-core/deserializer.go:78.56,79.19 1 1
github.com/aws/aws-gsr-serde-core/deserializer.go:79.19,81.3 1 1
github.com/aws/aws-gsr-serde-core/deserializer.go:82.2,82.67 1 1
github.com/aws/aws-gsr-serde-core/deserializer.go:86.67,87.28 1 1
github.com/aws/aws-gsr-serde-core/deserializer.go:87.28,89.3 1 1
github.com/aws/aws-gsr-serde-core/deserializer.go:91.2,92.16 2 1
github.com/aws/aws-gsr-serde-core/deserializer.go:92.16,94.3 1 1
github.com/aws/aws-gsr-serde-core/deserializer.go:96.2,96.67 1 1
github.com/aws/aws-gsr-serde-core/deserializer.go:100.38,105.2 4 1
github.com/aws/aws-gsr-serde-core/deserializer.go:112.79,113.19 1 1
github.com/aws/aws-gsr-serde-core/deserializer.go:113.19,115.3 1 1
github.com/aws/aws-gsr-serde-core/deserializer.go:117.2,124.77 4 1
github.com/aws/aws-gsr-serde-core/deserializer.go:124.77,126.3 1 0
github.com/aws/aws-gsr-serde-core/deserializer.go:129.2,130.73 2 1
github.com/aws/aws-gsr-serde-core/deserializer.go:130.73,132.3 1 0
github.com/aws/aws-gsr-serde-core/deserializer.go:135.2,136.51 2 1
github.com/aws/aws-gsr-serde-core/deserializer.go:136.51,138.3 1 1
github.com/aws/aws-gsr-serde-core/deserializer.go:141.2,142.75 2 1
github.com/aws/aws-gsr-serde-core/deserializer.go:142.75,144.3 1 1
github.com/aws/aws-gsr-serde-core/deserializer.go:147.2,152.29 4 1
github.com/aws/aws-gsr-serde-core/deserializer.go:152.29,154.17 2 1
github.com/aws/aws-gsr-serde-core/deserializer.go:154.17,156.4 1 1
github.com/aws/aws-gsr-serde-core/deserializer.go:157.3,160.17 3 1
github.com/aws/aws-gsr-serde-core/deserializer.go:160.17,162.4 1 1
github.com/aws/aws-gsr-serde-core/deserializer.go:163.8,165.3 1 1
github.com/aws/aws-gsr-serde-core/deserializer.go:167.2,170.17 1 1
github.com/aws/aws-gsr-serde-core/deserializer.go:173.84,178.59 4 1
github.com/aws/aws-gsr-serde-core/deserializer.go:178.59,180.3 1 1
github.com/aws/aws-gsr-serde-core/deserializer.go:183.2,196.16 4 1
github.com/aws/aws-gsr-serde-core/deserializer.go:196.16,198.3 1 1
github.com/aws/aws-gsr-serde-core/deserializer.go:200.2,207.20 3 1
github.com/aws/aws-gsr-serde-core/deserializer.go:210.66,212.37 1 1
github.com/aws/aws-gsr-serde-core/deserializer.go:212.37,214.21 2 1
github.com/aws/aws-gsr-serde-core/deserializer.go:214.21,216.43 2 1
github.com/aws/aws-gsr-serde-core/deserializer.go:216.43,219.5 2 1
github.com/aws/aws-gsr-serde-core/deserializer.go:222.2,222.17 1 1
github.com/aws/aws-gsr-serde-core/deserializer.go:226.50,228.32 1 1
github.com/aws/aws-gsr-serde-core/deserializer.go:228.32,230.21 2 1
github.com/aws/aws-gsr-serde-core/deserializer.go:230.21,232.43 2 1
github.com/aws/aws-gsr-serde-core/deserializer.go:232.43,234.28 2 1
github.com/aws/aws-gsr-serde-core/deserializer.go:234.28,236.6 1 1
github.com/aws/aws-gsr-serde-core/deserializer.go:240.2,240.11 1 1
github.com/aws/aws-gsr-serde-core/errors.go:10.45,12.2 1 1
github.com/aws/aws-gsr-serde-core/errors.go:15.50,17.2 1 1
github.com/aws/aws-gsr-serde-core/errors.go:24.47,26.2 1 1
github.com/aws/aws-gsr-serde-core/errors.go:29.52,31.2 1 1
github.com/aws/aws-gsr-serde-core/protobuf_utils.go:15.77,17.16 2 1
github.com/aws/aws-gsr-serde-core/protobuf_utils.go:17.16,19.3 1 1
github.com/aws/aws-gsr-serde-core/protobuf_utils.go:21.2,22.56 2 1
github.com/aws/aws-gsr-serde-core/protobuf_utils.go:22.56,24.3 1 1
github.com/aws/aws-gsr-serde-core/protobuf_utils.go:27.2,30.16 2 1
github.com/aws/aws-gsr-serde-core/protobuf_utils.go:30.16,32.3 1 0
github.com/aws/aws-gsr-serde-core/protobuf_utils.go:35.2,38.16 4 1
github.com/aws/aws-gsr-serde-core/protobuf_utils.go:38.16,40.3 1 0
github.com/aws/aws-gsr-serde-core/protobuf_utils.go:42.2,42.29 1 1
github.com/aws/aws-gsr-serde-core/protobuf_utils.go:45.90,47.2 1 1
github.com/aws/aws-gsr-serde-core/protobuf_utils.go:49.44,51.2 1 1
github.com/aws/aws-gsr-serde-core/serializer.go:38.60,40.16 2 1
github.com/aws/aws-gsr-serde-core/serializer.go:40.16,42.3 1 1
github.com/aws/aws-gsr-serde-core/serializer.go:44.2,47.16 3 0
github.com/aws/aws-gsr-serde-core/serializer.go:47.16,49.3 1 0
github.com/aws/aws-gsr-serde-core/serializer.go:51.2,60.8 1 0
github.com/aws/aws-gsr-serde-core/serializer.go:63.96,64.17 1 1
github.com/aws/aws-gsr-serde-core/serializer.go:64.17,66.3 1 1
github.com/aws/aws-gsr-serde-core/serializer.go:67.2,67.19 1 1
github.com/aws/aws-gsr-serde-core/serializer.go:67.19,69.3 1 1
github.com/aws/aws-gsr-serde-core/serializer.go:71.2,72.16 2 1
github.com/aws/aws-gsr-serde-core/serializer.go:72.16,74.3 1 1
github.com/aws/aws-gsr-serde-core/serializer.go:77.2,81.37 3 1
github.com/aws/aws-gsr-serde-core/serializer.go:81.37,83.3 1 1
github.com/aws/aws-gsr-serde-core/serializer.go:85.2,85.33 1 1
github.com/aws/aws-gsr-serde-core/serializer.go:85.33,92.3 6 1
github.com/aws/aws-gsr-serde-core/serializer.go:94.2,104.25 9 1
github.com/aws/aws-gsr-serde-core/serializer.go:107.36,112.2 4 1
github.com/aws/aws-gsr-serde-core/serializer.go:114.126,122.59 5 1
github.com/aws/aws-gsr-serde-core/serializer.go:122.59,125.3 2 1
github.com/aws/aws-gsr-serde-core/serializer.go:127.2,135.106 2 1
github.com/aws/aws-gsr-serde-core/serializer.go:135.106,143.3 3 1
github.com/aws/aws-gsr-serde-core/serializer.go:145.2,146.16 2 1
github.com/aws/aws-gsr-serde-core/serializer.go:146.16,148.3 1 1
github.com/aws/aws-gsr-serde-core/serializer.go:150.2,156.41 3 1
github.com/aws/aws-gsr-serde-core/serializer.go:159.100,162.21 2 1
github.com/aws/aws-gsr-serde-core/serializer.go:162.21,164.3 1 1
github.com/aws/aws-gsr-serde-core/serializer.go:166.2,178.16 2 1
github.com/aws/aws-gsr-serde-core/serializer.go:178.16,180.3 1 1
github.com/aws/aws-gsr-serde-core/serializer.go:182.2,182.53 1 1
